python : Creating test 
database for alias 
'default' ('file:memorydb_d
efault?mode=memory&cache=sh
ared')...
At line:1 char:1
+ python manage.py test 
apps.dashboard 
--verbosity=2 > 
test_output.txt  ...
+ ~~~~~~~~~~~~~~~~~~~~~~~~~
~~~~~~~~~~~~~~~~~~~~~~~~~~~
~~~~~~~~~~~~~~~~~
    + CategoryInfo         
     : NotSpecified: (Cre  
  ating test d...che=sha   
 red')...:String) [], R    
emoteException
    + FullyQualifiedErrorI 
   d : NativeCommandError
 

Found 18 test(s).
Operations to perform:
  Synchronize unmigrated apps: messages, staticfiles
  Apply all migrations: admin, auth, contenttypes, sessions, simulation, twin, users
Synchronizing apps without migrations:
  Creating tables...
    Running deferred SQL...
Running migrations:
  Applying contenttypes.0001_initial... OK
  Applying auth.0001_initial... OK
  Applying admin.0001_initial... OK
  Applying admin.0002_logentry_remove_auto_add... OK
  Applying admin.0003_logentry_add_action_flag_choices... OK
  Applying contenttypes.0002_remove_content_type_name... OK
  Applying auth.0002_alter_permission_name_max_length... OK
  Applying auth.0003_alter_user_email_max_length... OK
  Applying auth.0004_alter_user_username_opts... OK
  Applying auth.0005_alter_user_last_login_null... OK
  Applying auth.0006_require_contenttypes_0002... OK
  Applying auth.0007_alter_validators_add_error_messages... OK
  Applying auth.0008_alter_user_username_max_length... OK
  Applying auth.0009_alter_user_last_name_max_length... OK
  Applying auth.0010_alter_group_name_max_length... OK
  Applying auth.0011_update_proxy_permissions... OK
  Applying auth.0012_alter_user_first_name_max_length... OK
  Applying sessions.0001_initial... OK
  Applying twin.0001_initial... OK
  Applying simulation.0001_initial... OK
test_anonymous_redirected_t
o_login (apps.dashboard.tes
ts.APIAuthGuardTests.test_a
nonymous_redirected_to_logi
n) ... ok
test_content_type_is_json (
apps.dashboard.tests.Dashbo
ardStatsAPITests.test_conte
nt_type_is_json) ... ok
test_no_twin_returns_safe_d
efaults (apps.dashboard.tes
ts.DashboardStatsAPITests.t
est_no_twin_returns_safe_de
faults) ... ok
test_twin_no_simulation_ret
urns_zeros (apps.dashboard.
tests.DashboardStatsAPITest
s.test_twin_no_simulation_r
eturns_zeros) ... ok
test_twin_with_simulation_r
eturns_real_data (apps.dash
board.tests.DashboardStatsA
PITests.test_twin_with_simu
lation_returns_real_data) 
... ok
test_capped_at_10_data_poin
ts (apps.dashboard.tests.He
althTrendAPITests.test_capp
ed_at_10_data_points) ... 
ok
test_no_twin_returns_empty_
arrays (apps.dashboard.test
s.HealthTrendAPITests.test_
no_twin_returns_empty_array
s) ... ok
test_trend_data_matches_sim
ulations (apps.dashboard.te
sts.HealthTrendAPITests.tes
t_trend_data_matches_simula
tions) ... ok
test_twin_no_simulations_re
turns_empty_arrays (apps.da
shboard.tests.HealthTrendAP
ITests.test_twin_no_simulat
ions_returns_empty_arrays) 
... ok
test_diet_field_is_returned
 (apps.dashboard.tests.Life
styleBreakdownAPITests.test
_diet_field_is_returned) 
... ok
test_no_twin_returns_has_tw
in_false (apps.dashboard.te
sts.LifestyleBreakdownAPITe
sts.test_no_twin_returns_ha
s_twin_false) ... ok
test_percentage_scores_are_
bounded_0_to_100 (apps.dash
board.tests.LifestyleBreakd
ownAPITests.test_percentage
_scores_are_bounded_0_to_10
0) ... ok
test_twin_data_values_are_c
orrect (apps.dashboard.test
s.LifestyleBreakdownAPITest
s.test_twin_data_values_are
_correct) ... ok
test_capped_at_20_results (
apps.dashboard.tests.Simula
tionHistoryAPITests.test_ca
pped_at_20_results) ... ok
test_no_twin_returns_empty_
list (apps.dashboard.tests.
SimulationHistoryAPITests.t
est_no_twin_returns_empty_l
ist) ... ok
test_only_own_data_returned
 (apps.dashboard.tests.Simu
lationHistoryAPITests.test_
only_own_data_returned)
A second user's 
simulations must never 
appear in the first user's 
response. ... ok
test_returns_correct_simula
tion_fields (apps.dashboard
.tests.SimulationHistoryAPI
Tests.test_returns_correct_
simulation_fields) ... ok
test_twin_no_simulations_re
turns_empty_list (apps.dash
board.tests.SimulationHisto
ryAPITests.test_twin_no_sim
ulations_returns_empty_list
) ... ok

---------------------------
---------------------------
----------------
Ran 18 tests in 7.198s

OK
Destroying test database 
for alias 'default' ('file:
memorydb_default?mode=memor
y&cache=shared')...

  Applying users.0001_initial... OK
System check identified no issues (0 silenced).
